<div aria-hidden="true" data-options="&#x7B;&quot;log&quot;&#x3A;true&#x7D;">
    Hello world
</div>