<div aria-hidden="true" data-options="{&quot;log&quot;:true}">
    Hello world
</div>