 id="foo" class="block m:hidden foo" required aria-hidden="true" style="display: none;"