 class="&quot; onclick&#x3D;&quot;alert&#x28;true&#x29;"