 empty-string="" truthy empty-array="&#x5B;&#x5D;"